kotlin version: 2.2.10
error message: java.lang.RuntimeException: Exception while generating code for:
FUN name:CalendarScreen visibility:public modality:FINAL returnType:kotlin.Unit
  VALUE_PARAMETER kind:Regular name:wornItems index:0 type:kotlin.collections.List<com.librelookai.WornItem>
    EXPRESSION_BODY
      ERROR_EXPR 'Default Stub' type=kotlin.collections.List<com.librelookai.WornItem>
  VALUE_PARAMETER kind:Regular name:modifier index:1 type:androidx.compose.ui.Modifier
    EXPRESSION_BODY
      ERROR_EXPR 'Default Stub' type=androidx.compose.ui.Modifier
  annotations:
    Composable
  BLOCK_BODY
    VAR PROPERTY_DELEGATE name:yearMonth$delegate type:androidx.compose.runtime.MutableState<@[FlexibleNullability] java.time.YearMonth?> [val]
      TYPE_OP type=androidx.compose.runtime.MutableState<@[FlexibleNullability] java.time.YearMonth?> origin=IMPLICIT_CAST typeOperand=androidx.compose.runtime.MutableState<@[FlexibleNullability] java.time.YearMonth?>
        CALL 'public final fun rememberSaveable$default <T> (vararg inputs: kotlin.Any?, saver: androidx.compose.runtime.saveable.Saver<T of androidx.compose.runtime.saveable.RememberSaveableKt.rememberSaveable$default, out kotlin.Any>?, key: kotlin.String?, init: kotlin.Function0<T of androidx.compose.runtime.saveable.RememberSaveableKt.rememberSaveable$default>, $mask0: kotlin.Int, $handler: kotlin.Any?): T of androidx.compose.runtime.saveable.RememberSaveableKt.rememberSaveable$default declared in androidx.compose.runtime.saveable.RememberSaveableKt' type=T of androidx.compose.runtime.saveable.RememberSaveableKt.rememberSaveable$default origin=DEFAULT_DISPATCH_CALL
          TYPE_ARG T: androidx.compose.runtime.MutableState<@[FlexibleNullability] java.time.YearMonth?>
          ARG inputs: CALL 'public final fun arrayOfNulls <T> (size: kotlin.Int): kotlin.Array<T of kotlin.arrayOfNulls?> declared in kotlin' type=kotlin.Array<out kotlin.Any?> origin=null
            TYPE_ARG T: kotlin.Any?
            ARG size: CONST Int type=kotlin.Int value=0
          ARG saver: COMPOSITE type=androidx.compose.runtime.saveable.Saver<T of androidx.compose.runtime.saveable.RememberSaveableKt.rememberSaveable$default, out kotlin.Any>? origin=DEFAULT_VALUE
            CONST Null type=androidx.compose.runtime.saveable.Saver<T of androidx.compose.runtime.saveable.RememberSaveableKt.rememberSaveable$default, out kotlin.Any>? value=null
          ARG key: COMPOSITE type=kotlin.String? origin=DEFAULT_VALUE
            CONST Null type=kotlin.String? value=null
          ARG init: BLOCK type=kotlin.Function0<androidx.compose.runtime.MutableState<@[FlexibleNullability] java.time.YearMonth?>> origin=LAMBDA
            COMPOSITE type=kotlin.Unit origin=null
            CALL 'public final fun <jvm-indy> <T> (dynamicCall: T of kotlin.jvm.internal.<jvm-indy>, bootstrapMethodHandle: kotlin.Any, vararg bootstrapMethodArguments: kotlin.Any): T of kotlin.jvm.internal.<jvm-indy> declared in kotlin.jvm.internal' type=kotlin.Function0<androidx.compose.runtime.MutableState<@[FlexibleNullability] java.time.YearMonth?>> origin=null
              TYPE_ARG T: kotlin.Function0<androidx.compose.runtime.MutableState<@[FlexibleNullability] java.time.YearMonth?>>
              ARG dynamicCall: CALL 'public final fun invoke (): kotlin.Function0<androidx.compose.runtime.MutableState<@[FlexibleNullability] java.time.YearMonth?>> declared in kotlin.jvm.internal.invokeDynamic' type=kotlin.Function0<androidx.compose.runtime.MutableState<@[FlexibleNullability] java.time.YearMonth?>> origin=null
              ARG bootstrapMethodHandle: CALL 'public final fun <jvm-method-handle> (tag: kotlin.Int, owner: kotlin.String, name: kotlin.String, descriptor: kotlin.String, isInterface: kotlin.Boolean): kotlin.Any declared in kotlin.jvm.internal' type=kotlin.Any origin=null
                ARG tag: CONST Int type=kotlin.Int value=6
                ARG owner: CONST String type=kotlin.String value="java/lang/invoke/LambdaMetafactory"
                ARG name: CONST String type=kotlin.String value="metafactory"
                ARG descriptor: CONST String type=kotlin.String value="(Ljava/lang/invoke/MethodHandles$Lookup;Ljava/lang/String;Ljava/lang/invoke/MethodType;Ljava/lang/invoke/MethodType;Ljava/lang/invoke/MethodHandle;Ljava/lang/invoke/MethodType;)Ljava/lang/invoke/CallSite;"
                ARG isInterface: CONST Boolean type=kotlin.Boolean value=false
              ARG bootstrapMethodArguments: VARARG type=kotlin.Array<kotlin.Any> varargElementType=kotlin.Any
                CALL 'public final fun <jvm-original-method-type> (method: kotlin.Any): kotlin.Any declared in kotlin.jvm.internal' type=kotlin.Any origin=null
                  ARG method: RAW_FUNCTION_REFERENCE 'public abstract fun invoke (): R of kotlin.Function0 [operator] declared in kotlin.Function0' type=kotlin.Any
                RAW_FUNCTION_REFERENCE 'private final fun CalendarScreen$lambda$0 (): androidx.compose.runtime.MutableState<@[FlexibleNullability] java.time.YearMonth?> declared in com.librelookai.CalendarScreenKt' type=kotlin.Any
                CALL 'public final fun <jvm-original-method-type> (method: kotlin.Any): kotlin.Any declared in kotlin.jvm.internal' type=kotlin.Any origin=null
                  ARG method: RAW_FUNCTION_REFERENCE 'public abstract fun invoke (): androidx.compose.runtime.MutableState<@[FlexibleNullability] java.time.YearMonth?> [fake_override,operator] declared in kotlin.jvm.internal.invokeDynamic.<fake>' type=kotlin.Any
          ARG $mask0: CONST Int type=kotlin.Int value=6
          ARG $handler: CONST Null type=kotlin.Any? value=null
    VAR name:itemsByDate type:kotlin.collections.Map<java.time.LocalDate, kotlin.collections.List<com.librelookai.WornItem>> [val]
      CALL 'public final fun remember <T> (key1: kotlin.Any?, calculation: @[DisallowComposableCalls] kotlin.Function0<T of androidx.compose.runtime.ComposablesKt.remember>): T of androidx.compose.runtime.ComposablesKt.remember [inline] declared in androidx.compose.runtime.ComposablesKt' type=kotlin.collections.Map<java.time.LocalDate, kotlin.collections.List<com.librelookai.WornItem>> origin=null
        TYPE_ARG T: kotlin.collections.Map<java.time.LocalDate, kotlin.collections.List<com.librelookai.WornItem>>
        ARG key1: GET_VAR 'wornItems: kotlin.collections.List<com.librelookai.WornItem> declared in com.librelookai.CalendarScreenKt.CalendarScreen' type=kotlin.collections.List<com.librelookai.WornItem> origin=null
        ARG calculation: BLOCK type=kotlin.Function0<kotlin.collections.Map<java.time.LocalDate, kotlin.collections.List<com.librelookai.WornItem>>> origin=LAMBDA
          COMPOSITE type=kotlin.Unit origin=null
          FUNCTION_REFERENCE 'private final fun CalendarScreen$lambda$4 ($wornItems: kotlin.collections.List<com.librelookai.WornItem>): kotlin.collections.Map<java.time.LocalDate, kotlin.collections.List<com.librelookai.WornItem>> declared in com.librelookai.CalendarScreenKt' type=kotlin.Function0<kotlin.collections.Map<java.time.LocalDate, kotlin.collections.List<com.librelookai.WornItem>>> origin=INLINE_LAMBDA reflectionTarget=null
            ARG $wornItems: GET_VAR 'wornItems: kotlin.collections.List<com.librelookai.WornItem> declared in com.librelookai.CalendarScreenKt.CalendarScreen' type=kotlin.collections.List<com.librelookai.WornItem> origin=null
    VAR name:weeks type:kotlin.collections.List<kotlin.collections.List<java.time.LocalDate?>> [val]
      CALL 'public final fun remember <T> (key1: kotlin.Any?, calculation: @[DisallowComposableCalls] kotlin.Function0<T of androidx.compose.runtime.ComposablesKt.remember>): T of androidx.compose.runtime.ComposablesKt.remember [inline] declared in androidx.compose.runtime.ComposablesKt' type=kotlin.collections.List<kotlin.collections.List<java.time.LocalDate?>> origin=null
        TYPE_ARG T: kotlin.collections.List<kotlin.collections.List<java.time.LocalDate?>>
        ARG key1: CALL 'private final fun CalendarScreen$lambda$1 ($yearMonth$delegate: androidx.compose.runtime.MutableState<@[FlexibleNullability] java.time.YearMonth?>): @[FlexibleNullability] java.time.YearMonth? declared in com.librelookai.CalendarScreenKt' type=@[FlexibleNullability] java.time.YearMonth? origin=GET_LOCAL_PROPERTY
          ARG $yearMonth$delegate: GET_VAR 'val yearMonth$delegate: androidx.compose.runtime.MutableState<@[FlexibleNullability] java.time.YearMonth?> [val] declared in com.librelookai.CalendarScreenKt.CalendarScreen' type=androidx.compose.runtime.MutableState<@[FlexibleNullability] java.time.YearMonth?> origin=null
        ARG calculation: BLOCK type=kotlin.Function0<kotlin.collections.List<kotlin.collections.List<java.time.LocalDate?>>> origin=LAMBDA
          COMPOSITE type=kotlin.Unit origin=null
          FUNCTION_REFERENCE 'private final fun CalendarScreen$lambda$5 ($yearMonth$delegate: androidx.compose.runtime.MutableState<@[FlexibleNullability] java.time.YearMonth?>): kotlin.collections.List<kotlin.collections.List<java.time.LocalDate?>> declared in com.librelookai.CalendarScreenKt' type=kotlin.Function0<kotlin.collections.List<kotlin.collections.List<java.time.LocalDate?>>> origin=INLINE_LAMBDA reflectionTarget=null
            ARG $yearMonth$delegate: GET_VAR 'val yearMonth$delegate: androidx.compose.runtime.MutableState<@[FlexibleNullability] java.time.YearMonth?> [val] declared in com.librelookai.CalendarScreenKt.CalendarScreen' type=androidx.compose.runtime.MutableState<@[FlexibleNullability] java.time.YearMonth?> origin=null
    VAR name:today type:@[FlexibleNullability] java.time.LocalDate? [val]
      CALL 'public final fun remember <T> (calculation: @[DisallowComposableCalls] kotlin.Function0<T of androidx.compose.runtime.ComposablesKt.remember>): T of androidx.compose.runtime.ComposablesKt.remember [inline] declared in androidx.compose.runtime.ComposablesKt' type=@[FlexibleNullability] java.time.LocalDate? origin=null
        TYPE_ARG T: @[FlexibleNullability] java.time.LocalDate?
        ARG calculation: BLOCK type=kotlin.Function0<@[FlexibleNullability] java.time.LocalDate?> origin=LAMBDA
          COMPOSITE type=kotlin.Unit origin=null
          FUNCTION_REFERENCE 'private final fun CalendarScreen$lambda$6 (): @[FlexibleNullability] java.time.LocalDate? declared in com.librelookai.CalendarScreenKt' type=kotlin.Function0<@[FlexibleNullability] java.time.LocalDate?> origin=INLINE_LAMBDA reflectionTarget=null
    CALL 'public final fun Column$default (modifier: androidx.compose.ui.Modifier?, verticalArrangement: androidx.compose.foundation.layout.Arrangement.Vertical?, horizontalAlignment: androidx.compose.ui.Alignment.Horizontal?, content: @[Composable] @[ExtensionFunctionType] kotlin.Function1<androidx.compose.foundation.layout.ColumnScope, kotlin.Unit>, $mask0: kotlin.Int, $handler: kotlin.Any?): kotlin.Unit [inline] declared in androidx.compose.foundation.layout.ColumnKt' type=kotlin.Unit origin=DEFAULT_DISPATCH_CALL
      ARG modifier: CALL 'public final fun fillMaxSize$default (<this>: androidx.compose.ui.Modifier, fraction: kotlin.Float, $mask0: kotlin.Int, $handler: kotlin.Any?): androidx.compose.ui.Modifier declared in androidx.compose.foundation.layout.SizeKt' type=androidx.compose.ui.Modifier origin=DEFAULT_DISPATCH_CALL
        ARG <this>: GET_VAR 'modifier: androidx.compose.ui.Modifier declared in com.librelookai.CalendarScreenKt.CalendarScreen' type=androidx.compose.ui.Modifier origin=null
        ARG fraction: COMPOSITE type=kotlin.Float origin=DEFAULT_VALUE
          CONST Float type=kotlin.Float value=0.0
        ARG $mask0: CONST Int type=kotlin.Int value=1
        ARG $handler: CONST Null type=kotlin.Any? value=null
      ARG verticalArrangement: COMPOSITE type=androidx.compose.foundation.layout.Arrangement.Vertical? origin=DEFAULT_VALUE
        CONST Null type=androidx.compose.foundation.layout.Arrangement.Vertical? value=null
      ARG horizontalAlignment: COMPOSITE type=androidx.compose.ui.Alignment.Horizontal? origin=DEFAULT_VALUE
        CONST Null type=androidx.compose.ui.Alignment.Horizontal? value=null
      ARG content: BLOCK type=@[ExtensionFunctionType] kotlin.Function1<androidx.compose.foundation.layout.ColumnScope, kotlin.Unit> origin=LAMBDA
        COMPOSITE type=kotlin.Unit origin=null
        FUNCTION_REFERENCE 'private final fun CalendarScreen$lambda$13 ($this$Column: androidx.compose.foundation.layout.ColumnScope, $yearMonth$delegate: androidx.compose.runtime.MutableState<@[FlexibleNullability] java.time.YearMonth?>, $weeks: kotlin.collections.List<kotlin.collections.List<java.time.LocalDate?>>, $itemsByDate: kotlin.collections.Map<java.time.LocalDate, kotlin.collections.List<com.librelookai.WornItem>>, $today: @[FlexibleNullability] java.time.LocalDate?): kotlin.Unit declared in com.librelookai.CalendarScreenKt' type=@[ExtensionFunctionType] kotlin.Function1<androidx.compose.foundation.layout.ColumnScope, kotlin.Unit> origin=INLINE_LAMBDA reflectionTarget=null
          ARG $yearMonth$delegate: GET_VAR 'val yearMonth$delegate: androidx.compose.runtime.MutableState<@[FlexibleNullability] java.time.YearMonth?> [val] declared in com.librelookai.CalendarScreenKt.CalendarScreen' type=androidx.compose.runtime.MutableState<@[FlexibleNullability] java.time.YearMonth?> origin=null
          ARG $weeks: GET_VAR 'val weeks: kotlin.collections.List<kotlin.collections.List<java.time.LocalDate?>> [val] declared in com.librelookai.CalendarScreenKt.CalendarScreen' type=kotlin.collections.List<kotlin.collections.List<java.time.LocalDate?>> origin=null
          ARG $itemsByDate: GET_VAR 'val itemsByDate: kotlin.collections.Map<java.time.LocalDate, kotlin.collections.List<com.librelookai.WornItem>> [val] declared in com.librelookai.CalendarScreenKt.CalendarScreen' type=kotlin.collections.Map<java.time.LocalDate, kotlin.collections.List<com.librelookai.WornItem>> origin=null
          ARG $today: GET_VAR 'val today: @[FlexibleNullability] java.time.LocalDate? [val] declared in com.librelookai.CalendarScreenKt.CalendarScreen' type=@[FlexibleNullability] java.time.LocalDate? origin=null
      ARG $mask0: CONST Int type=kotlin.Int value=6
      ARG $handler: CONST Null type=kotlin.Any? value=null

	at org.jetbrains.kotlin.backend.jvm.codegen.FunctionCodegen.generate(FunctionCodegen.kt:50)
	at org.jetbrains.kotlin.backend.jvm.codegen.FunctionCodegen.generate$default(FunctionCodegen.kt:43)
	at org.jetbrains.kotlin.backend.jvm.codegen.ClassCodegen.generateMethodNode(ClassCodegen.kt:422)
	at org.jetbrains.kotlin.backend.jvm.codegen.ClassCodegen.generateMethod(ClassCodegen.kt:439)
	at org.jetbrains.kotlin.backend.jvm.codegen.ClassCodegen.generate(ClassCodegen.kt:164)
	at org.jetbrains.kotlin.backend.jvm.JvmIrCodegenFactory.generateFile(JvmIrCodegenFactory.kt:419)
	at org.jetbrains.kotlin.backend.jvm.JvmIrCodegenFactory.invokeCodegen(JvmIrCodegenFactory.kt:388)
	at org.jetbrains.kotlin.cli.jvm.compiler.KotlinToJVMBytecodeCompiler.runCodegen$cli(KotlinToJVMBytecodeCompiler.kt:431)
	at org.jetbrains.kotlin.cli.pipeline.jvm.JvmBackendPipelinePhase.executePhase(JvmBackendPipelinePhase.kt:95)
	at org.jetbrains.kotlin.cli.pipeline.jvm.JvmBackendPipelinePhase.executePhase(JvmBackendPipelinePhase.kt:36)
	at org.jetbrains.kotlin.cli.pipeline.jvm.JvmBackendPipelinePhase.executePhase(JvmBackendPipelinePhase.kt:29)
	at org.jetbrains.kotlin.cli.pipeline.PipelinePhase.phaseBody(PipelinePhase.kt:68)
	at org.jetbrains.kotlin.cli.pipeline.PipelinePhase.phaseBody(PipelinePhase.kt:58)
	at org.jetbrains.kotlin.config.phaser.NamedCompilerPhase.invoke(CompilerPhase.kt:102)
	at org.jetbrains.kotlin.backend.common.phaser.CompositePhase.invoke(PhaseBuilders.kt:22)
	at org.jetbrains.kotlin.config.phaser.CompilerPhaseKt.invokeToplevel(CompilerPhase.kt:53)
	at org.jetbrains.kotlin.cli.pipeline.AbstractCliPipeline.runPhasedPipeline(AbstractCliPipeline.kt:109)
	at org.jetbrains.kotlin.cli.pipeline.AbstractCliPipeline.execute(AbstractCliPipeline.kt:68)
	at org.jetbrains.kotlin.cli.jvm.K2JVMCompiler.doExecutePhased(K2JVMCompiler.kt:78)
	at org.jetbrains.kotlin.cli.jvm.K2JVMCompiler.doExecutePhased(K2JVMCompiler.kt:44)
	at org.jetbrains.kotlin.cli.common.CLICompiler.execImpl(CLICompiler.kt:90)
	at org.jetbrains.kotlin.cli.common.CLICompiler.exec(CLICompiler.kt:352)
	at org.jetbrains.kotlin.incremental.IncrementalJvmCompilerRunnerBase.runCompiler(IncrementalJvmCompilerRunnerBase.kt:175)
	at org.jetbrains.kotlin.incremental.IncrementalJvmCompilerRunnerBase.runCompiler(IncrementalJvmCompilerRunnerBase.kt:38)
	at org.jetbrains.kotlin.incremental.IncrementalCompilerRunner.doCompile(IncrementalCompilerRunner.kt:504)
	at org.jetbrains.kotlin.incremental.IncrementalCompilerRunner.compileImpl(IncrementalCompilerRunner.kt:421)
	at org.jetbrains.kotlin.incremental.IncrementalCompilerRunner.compileNonIncrementally(IncrementalCompilerRunner.kt:306)
	at org.jetbrains.kotlin.incremental.IncrementalCompilerRunner.compile(IncrementalCompilerRunner.kt:133)
	at org.jetbrains.kotlin.daemon.CompileServiceImplBase.execIncrementalCompiler(CompileServiceImpl.kt:679)
	at org.jetbrains.kotlin.daemon.CompileServiceImplBase.access$execIncrementalCompiler(CompileServiceImpl.kt:93)
	at org.jetbrains.kotlin.daemon.CompileServiceImpl.compile(CompileServiceImpl.kt:1806)
	at java.base/jdk.internal.reflect.DirectMethodHandleAccessor.invoke(DirectMethodHandleAccessor.java:104)
	at java.base/java.lang.reflect.Method.invoke(Method.java:565)
	at java.rmi/sun.rmi.server.UnicastServerRef.dispatch(UnicastServerRef.java:351)
	at java.rmi/sun.rmi.transport.Transport.serviceCall(Transport.java:166)
	at java.rmi/sun.rmi.transport.tcp.TCPTransport.handleMessages(TCPTransport.java:543)
	at java.rmi/sun.rmi.transport.tcp.TCPTransport$ConnectionHandler.run0(TCPTransport.java:744)
	at java.rmi/sun.rmi.transport.tcp.TCPTransport$ConnectionHandler.run(TCPTransport.java:623)
	at java.base/java.util.concurrent.ThreadPoolExecutor.runWorker(ThreadPoolExecutor.java:1090)
	at java.base/java.util.concurrent.ThreadPoolExecutor$Worker.run(ThreadPoolExecutor.java:614)
	at java.base/java.lang.Thread.run(Thread.java:1474)
Caused by: org.jetbrains.kotlin.codegen.CompilationException: Back-end (JVM) Internal error: Couldn't inline method call: CALL 'public final fun remember <T> (key1: kotlin.Any?, calculation: @[DisallowComposableCalls] kotlin.Function0<T of androidx.compose.runtime.ComposablesKt.remember>): T of androidx.compose.runtime.ComposablesKt.remember [inline] declared in androidx.compose.runtime.ComposablesKt' type=kotlin.collections.Map<java.time.LocalDate, kotlin.collections.List<com.librelookai.WornItem>> origin=null
Method: null
File is unknown
The root cause java.lang.IllegalStateException was thrown at: org.jetbrains.kotlin.codegen.inline.SourceCompilerForInlineKt.getMethodNode(SourceCompilerForInline.kt:129)
	at org.jetbrains.kotlin.backend.jvm.codegen.IrInlineCodegen.genInlineCall(IrInlineCodegen.kt:82)
	at org.jetbrains.kotlin.backend.jvm.codegen.IrInlineCallGenerator.genCall(IrInlineCallGenerator.kt:36)
	at org.jetbrains.kotlin.backend.jvm.codegen.ExpressionCodegen.visitCall(ExpressionCodegen.kt:586)
	at org.jetbrains.kotlin.backend.jvm.codegen.ExpressionCodegen.visitCall(ExpressionCodegen.kt:135)
	at org.jetbrains.kotlin.ir.expressions.IrCall.accept(IrCall.kt:24)
	at org.jetbrains.kotlin.backend.jvm.codegen.ExpressionCodegen.visitVariable(ExpressionCodegen.kt:725)
	at org.jetbrains.kotlin.backend.jvm.codegen.ExpressionCodegen.visitVariable(ExpressionCodegen.kt:135)
	at org.jetbrains.kotlin.ir.declarations.IrVariable.accept(IrVariable.kt:36)
	at org.jetbrains.kotlin.backend.jvm.codegen.ExpressionCodegen.visitStatementContainer(ExpressionCodegen.kt:527)
	at org.jetbrains.kotlin.backend.jvm.codegen.ExpressionCodegen.visitBlockBody(ExpressionCodegen.kt:532)
	at org.jetbrains.kotlin.backend.jvm.codegen.ExpressionCodegen.visitBlockBody(ExpressionCodegen.kt:135)
	at org.jetbrains.kotlin.ir.expressions.IrBlockBody.accept(IrBlockBody.kt:20)
	at org.jetbrains.kotlin.backend.jvm.codegen.ExpressionCodegen.generate(ExpressionCodegen.kt:233)
	at org.jetbrains.kotlin.backend.jvm.codegen.FunctionCodegen.doGenerate(FunctionCodegen.kt:126)
	at org.jetbrains.kotlin.backend.jvm.codegen.FunctionCodegen.generate(FunctionCodegen.kt:47)
	... 40 more
Caused by: java.lang.IllegalStateException: couldn't find inline method Landroidx/compose/runtime/ComposablesKt;.remember(Ljava/lang/Object;Lkotlin/jvm/functions/Function0;)Ljava/lang/Object;
	at org.jetbrains.kotlin.codegen.inline.SourceCompilerForInlineKt.getMethodNode(SourceCompilerForInline.kt:129)
	at org.jetbrains.kotlin.codegen.inline.SourceCompilerForInlineKt.loadCompiledInlineFunction$lambda$2(SourceCompilerForInline.kt:98)
	at org.jetbrains.kotlin.codegen.inline.InlineCache.computeMethodBytes(InlineCache.kt:90)
	at org.jetbrains.kotlin.codegen.inline.SourceCompilerForInlineKt.loadCompiledInlineFunction(SourceCompilerForInline.kt:93)
	at org.jetbrains.kotlin.backend.jvm.codegen.IrSourceCompilerForInline.compileInlineFunction(IrSourceCompilerForInline.kt:96)
	at org.jetbrains.kotlin.backend.jvm.codegen.IrInlineCodegen.genInlineCall(IrInlineCodegen.kt:65)
	... 54 more


